// Jest Snapshot v1, https://goo.gl/fbAQLP

exports[`should render 1`] = `
<main>
  <MainHeading
    count={Object {}}
  />
  <SliderBlock />
  <VehicleList />
  <Pagination
    metadata={Object {}}
  />
  <NoVehicles />
</main>
`;
