// Jest Snapshot v1, https://goo.gl/fbAQLP

exports[`should render 1`] = `
<div
  className="button-div"
>
  <button
    className="button"
    onClick={null}
    type="button"
  >
    Test
  </button>
</div>
`;
