// Jest Snapshot v1, https://goo.gl/fbAQLP

exports[`should render 1`] = `
<div
  className="main-heading-container"
>
  <h2
    className="main-heading"
  >
    0
     VEHICLES FOUND NEAR LONDON, UNITED KINGDOM
  </h2>
</div>
`;
