// Jest Snapshot v1, https://goo.gl/fbAQLP

exports[`should render 1`] = `
<nav
  className="navbar"
>
  <h1
    className="navbar-title"
  >
    DROVER
  </h1>
</nav>
`;
