// Jest Snapshot v1, https://goo.gl/fbAQLP

exports[`should render 1`] = `
<div
  className="slider-block"
>
  <p
    className="subscription-title"
  >
    Choose your subscription type:
  </p>
  <form
    className="subscription-form"
  >
    <div
      className="rental-options"
    >
      <input
        className="radio"
        defaultChecked={true}
        id="1"
        name="rental_option"
        onClick={[Function]}
        type="radio"
        value="monthly"
      />
      <label
        className="subscription-label"
        htmlFor="1"
      >
        Monthly Rolling Subscription (cancel or swap monthly)
      </label>
    </div>
    <div
      className="rental-options"
    >
      <div
        className="select-input-wrapper"
      >
        <input
          className="radio"
          defaultChecked={false}
          id="2"
          name="rental_option"
          onClick={[Function]}
          type="radio"
          value="commitment"
        />
      </div>
      <label
        className="subscription-label"
        htmlFor="2"
      >
        Minimum Commitment Subscriptions (get discounts!)
      </label>
    </div>
    <div
      className="duration-container"
    >
      <label
        className="duration-title"
        htmlFor="duration"
      >
        Subscription Duration
      </label>
      <div
        className="length"
      >
        <select
          className="months"
          defaultValue={12}
          id="duration"
          name="number_of_months"
          onChange={[Function]}
        >
          <option
            value="2"
          >
            2
          </option>
          <option
            value="3"
          >
            3
          </option>
          <option
            value="4"
          >
            4
          </option>
          <option
            value="5"
          >
            5
          </option>
          <option
            value="6"
          >
            6
          </option>
          <option
            value="7"
          >
            7
          </option>
          <option
            value="8"
          >
            8
          </option>
          <option
            value="9"
          >
            9
          </option>
          <option
            value="10"
          >
            10
          </option>
          <option
            value="11"
          >
            11
          </option>
          <option
            value="12"
          >
            12
          </option>
        </select>
        <span>
          months
        </span>
      </div>
    </div>
    <Button
      onClick={[Function]}
    >
      Submit
    </Button>
  </form>
</div>
`;
